// Jest Snapshot v1, https://goo.gl/fbAQLP

exports[`Should correctly render the Fact component 1`] = `
<div>
  This is a fact
</div>
`;
